// Jest Snapshot v1, https://goo.gl/fbAQLP

exports[`Admin component only visible to admin 1`] = `null`;
