// Jest Snapshot v1, https://goo.gl/fbAQLP

exports[`Admin component not visible to non admin 1`] = `null`;
